#-----------------------------------------------------------
# Vivado v2024.1 (64-bit)
# SW Build 5076996 on Wed May 22 18:37:14 MDT 2024
# IP Build 5075265 on Wed May 22 21:45:21 MDT 2024
# SharedData Build 5076995 on Wed May 22 18:29:18 MDT 2024
# Start of session at: Tue Mar 25 13:26:25 2025
# Process ID: 14396
# Current directory: H:/Documents/vivado_projs/ES3B2/lab5_20250325/lab5_20250325.runs/clk_wiz_0_synth_1
# Command line: vivado.exe -log clk_wiz_0.vds -product Vivado -mode batch -messageDb vivado.pb -notrace -source clk_wiz_0.tcl
# Log file: H:/Documents/vivado_projs/ES3B2/lab5_20250325/lab5_20250325.runs/clk_wiz_0_synth_1/clk_wiz_0.vds
# Journal file: H:/Documents/vivado_projs/ES3B2/lab5_20250325/lab5_20250325.runs/clk_wiz_0_synth_1\vivado.jou
# Running On        :E10-1794CB35
# Platform          :Windows Server 2016 or Windows 10
# Operating System  :19045
# Processor Detail  :13th Gen Intel(R) Core(TM) i7-13700
# CPU Frequency     :2112 MHz
# CPU Physical cores:16
# CPU Logical cores :24
# Host memory       :34033 MB
# Swap memory       :5100 MB
# Total Virtual     :39133 MB
# Available Virtual :27370 MB
#-----------------------------------------------------------
source clk_wiz_0.tcl -notrace
