#-----------------------------------------------------------
# Vivado v2024.1 (64-bit)
# SW Build 5076996 on Wed May 22 18:37:14 MDT 2024
# IP Build 5075265 on Wed May 22 21:45:21 MDT 2024
# SharedData Build 5076995 on Wed May 22 18:29:18 MDT 2024
# Start of session at: Thu Apr 10 13:06:36 2025
# Process ID: 17616
# Current directory: H:/Documents/vivado_projs/ES3B2/Snake_Game_v1.4_workingApple/Snake_Game_v1.4_workingApple/Snake_Game_v1.4_workingApple.runs/blk_mem_gen_2_synth_1
# Command line: vivado.exe -log blk_mem_gen_2.vds -product Vivado -mode batch -messageDb vivado.pb -notrace -source blk_mem_gen_2.tcl
# Log file: H:/Documents/vivado_projs/ES3B2/Snake_Game_v1.4_workingApple/Snake_Game_v1.4_workingApple/Snake_Game_v1.4_workingApple.runs/blk_mem_gen_2_synth_1/blk_mem_gen_2.vds
# Journal file: H:/Documents/vivado_projs/ES3B2/Snake_Game_v1.4_workingApple/Snake_Game_v1.4_workingApple/Snake_Game_v1.4_workingApple.runs/blk_mem_gen_2_synth_1\vivado.jou
# Running On        :E10-1792F8EE
# Platform          :Windows Server 2016 or Windows 10
# Operating System  :19045
# Processor Detail  :13th Gen Intel(R) Core(TM) i7-13700
# CPU Frequency     :2112 MHz
# CPU Physical cores:16
# CPU Logical cores :24
# Host memory       :34033 MB
# Swap memory       :5100 MB
# Total Virtual     :39133 MB
# Available Virtual :27384 MB
#-----------------------------------------------------------
source blk_mem_gen_2.tcl -notrace
